../Core/Src/atk_mw1278d.c:31:13:atk_mw1278d_hw_init	40	static
../Core/Src/atk_mw1278d.c:62:9:atk_mw1278d_init	24	static
../Core/Src/atk_mw1278d.c:84:6:atk_mw1278d_enter_config	8	static
../Core/Src/atk_mw1278d.c:94:6:atk_mw1278d_exit_config	8	static
../Core/Src/atk_mw1278d.c:106:9:atk_mw1278d_free	8	static
../Core/Src/atk_mw1278d.c:124:9:atk_mw1278d_send_at_cmd	32	static
../Core/Src/atk_mw1278d.c:165:9:atk_mw1278d_at_test	16	static
../Core/Src/atk_mw1278d.c:190:9:atk_mw1278d_echo_config	24	static
../Core/Src/atk_mw1278d.c:228:9:atk_mw1278d_sw_reset	16	static
../Core/Src/atk_mw1278d.c:249:9:atk_mw1278d_flash_config	32	static
../Core/Src/atk_mw1278d.c:287:9:atk_mw1278d_default	16	static
../Core/Src/atk_mw1278d.c:306:9:atk_mw1278d_addr_config	32	static
../Core/Src/atk_mw1278d.c:332:9:atk_mw1278d_tpower_config	32	static
../Core/Src/atk_mw1278d.c:373:9:atk_mw1278d_workmode_config	32	static
../Core/Src/atk_mw1278d.c:412:9:atk_mw1278d_tmode_config	32	static
../Core/Src/atk_mw1278d.c:454:9:atk_mw1278d_wlrate_channel_config	32	static
../Core/Src/atk_mw1278d.c:499:9:atk_mw1278d_wltime_config	32	static
../Core/Src/atk_mw1278d.c:545:9:atk_mw1278d_uart_config	32	static
