../Core/Src/can.c:94:16:User_CAN_DecodeTireTemperatureCenti	16	static
../Core/Src/can.c:101:13:User_CAN_SubmitTireTemperatureFrame	48	static
../Core/Src/can.c:131:6:MX_CAN1_Init	8	static
../Core/Src/can.c:163:6:MX_CAN2_Init	8	static
../Core/Src/can.c:197:6:HAL_CAN_MspInit	56	static
../Core/Src/can.c:279:6:HAL_CAN_MspDeInit	16	static
../Core/Src/can.c:340:6:CAN1_Filter_Config	48	static
../Core/Src/can.c:402:6:CAN2_Filter_Config	48	static
../Core/Src/can.c:423:13:User_CAN_TxQueueDrain	56	static,ignoring_inline_asm
../Core/Src/can.c:456:16:User_CAN_TxQueuePush	48	static,ignoring_inline_asm
../Core/Src/can.c:487:6:User_CAN_Send	8	static
../Core/Src/can.c:497:13:User_CAN_SendDlc	24	static
../Core/Src/can.c:502:6:User_CAN_Send_sq	16	static
../Core/Src/can.c:507:6:CAN1_SendHeartbeat	16	static
../Core/Src/can.c:523:6:CAN_ServiceTask	16	static
../Core/Src/can.c:553:6:HAL_CAN_TxMailbox0CompleteCallback	16	static
../Core/Src/can.c:558:6:HAL_CAN_TxMailbox1CompleteCallback	16	static
../Core/Src/can.c:563:6:HAL_CAN_TxMailbox2CompleteCallback	16	static
../Core/Src/can.c:576:13:User_CAN_SendSteeringCmd	24	static
../Core/Src/can.c:589:13:User_CAN_HandleSteeringWheel	24	static
../Core/Src/can.c:652:6:HAL_CAN_RxFifo0MsgPendingCallback	96	static
../Core/Src/can.c:846:6:CAN_SendGPSSpeed	24	static
../Core/Src/can.c:861:13:can_pack_u16_le	16	static
../Core/Src/can.c:867:13:can_pack_u32_le	16	static
../Core/Src/can.c:875:13:can_pack_u24_le	16	static
../Core/Src/can.c:887:6:CAN_SendGPSTelemetry	56	static
../Core/Src/can.c:938:6:HAL_CAN_RxFifo1MsgPendingCallback	16	static
