../Core/Src/can.c:101:16:User_CAN_DecodeTireTemperatureCenti	16	static
../Core/Src/can.c:108:13:User_CAN_SubmitTireTemperatureFrame	48	static
../Core/Src/can.c:138:6:MX_CAN1_Init	8	static
../Core/Src/can.c:170:6:MX_CAN2_Init	8	static
../Core/Src/can.c:204:6:HAL_CAN_MspInit	56	static
../Core/Src/can.c:286:6:HAL_CAN_MspDeInit	16	static
../Core/Src/can.c:347:6:CAN1_Filter_Config	48	static
../Core/Src/can.c:419:6:CAN2_Filter_Config	48	static
../Core/Src/can.c:440:13:User_CAN_TxQueueDrain	56	static,ignoring_inline_asm
../Core/Src/can.c:473:16:User_CAN_TxQueuePush	48	static,ignoring_inline_asm
../Core/Src/can.c:504:6:User_CAN_Send	8	static
../Core/Src/can.c:514:13:User_CAN_SendDlc	24	static
../Core/Src/can.c:519:6:User_CAN_Send_sq	16	static
../Core/Src/can.c:524:6:CAN1_SendHeartbeat	16	static
../Core/Src/can.c:540:6:CAN_ServiceTask	16	static
../Core/Src/can.c:573:6:HAL_CAN_TxMailbox0CompleteCallback	16	static
../Core/Src/can.c:578:6:HAL_CAN_TxMailbox1CompleteCallback	16	static
../Core/Src/can.c:583:6:HAL_CAN_TxMailbox2CompleteCallback	16	static
../Core/Src/can.c:596:13:User_CAN_SendSteeringCmd	24	static
../Core/Src/can.c:609:13:User_CAN_HandleSteeringWheel	24	static
../Core/Src/can.c:676:6:HAL_CAN_RxFifo0MsgPendingCallback	112	static
../Core/Src/can.c:951:6:CAN_SendGPSSpeed	24	static
../Core/Src/can.c:966:13:can_pack_u16_le	16	static
../Core/Src/can.c:972:13:can_pack_u32_le	16	static
../Core/Src/can.c:980:13:can_pack_u24_le	16	static
../Core/Src/can.c:992:6:CAN_SendGPSTelemetry	56	static
../Core/Src/can.c:1043:6:HAL_CAN_RxFifo1MsgPendingCallback	16	static
